// Jest Snapshot v1, https://goo.gl/fbAQLP

exports[`Snapshot 1`] = `
<label
  className="FormControlLabel-root-1"
>
  <span>
    <span
      className="MuiButtonBase-root-11 SwitchBase-checkbox-root-4 SwitchBase-checkbox-default-6 SwitchBase-checkbox-checked-7"
      disabled={false}
      onBlur={[Function]}
      onFocus={[Function]}
      onKeyDown={[Function]}
      onKeyUp={[Function]}
      onMouseDown={[Function]}
      onMouseLeave={[Function]}
      onMouseUp={[Function]}
      onTouchEnd={[Function]}
      onTouchStart={[Function]}
      role={undefined}
      tabIndex={null}
    >
      <input
        checked={true}
        className="SwitchBase-checkbox-input-5"
        disabled={false}
        name=""
        onChange={[Function]}
        type="checkbox"
        value=""
      />
      <span
        className="MuiTouchRipple-root-13"
      />
    </span>
  </span>
  <span
    className="FormControlLabel-label-3"
  >
    Yes or no
  </span>
</label>
`;
