// Jest Snapshot v1, https://goo.gl/fbAQLP

exports[`Snapshot 1`] = `
<label
  className="FormControlLabel-root-1"
>
  <span>
    <span
      className="MuiButtonBase-root-10 SwitchBase-radio-root-4 SwitchBase-radio-default-6 SwitchBase-radio-checked-7"
      disabled={false}
      onBlur={[Function]}
      onFocus={[Function]}
      onKeyDown={[Function]}
      onKeyUp={[Function]}
      onMouseDown={[Function]}
      onMouseLeave={[Function]}
      onMouseUp={[Function]}
      onTouchEnd={[Function]}
      onTouchStart={[Function]}
      role={undefined}
      tabIndex={null}
    >
      <input
        aria-labelledby={null}
        checked={true}
        className="SwitchBase-radio-input-5"
        disabled={false}
        name={null}
        onChange={[Function]}
        type="radio"
        value=""
      />
      <span
        className="MuiTouchRipple-root-12"
      />
    </span>
  </span>
  <span
    className="FormControlLabel-label-3"
  >
    Yes or no
  </span>
</label>
`;
