// Jest Snapshot v1, https://goo.gl/fbAQLP

exports[`Snapshot 1`] = `
<label
  className="MuiFormControlLabel-root-1 MuiFormControlLabel-hasLabel-3"
>
  <span
    className="MuiButtonBase-root-22 MuiIconButton-root-13 MuiSwitchBase-root-8 MuiSwitchBase-default-10 MuiRadio-default-5 MuiSwitchBase-checked-11 MuiRadio-checked-6"
    disabled={false}
    onBlur={[Function]}
    onFocus={[Function]}
    onKeyDown={[Function]}
    onKeyUp={[Function]}
    onMouseDown={[Function]}
    onMouseLeave={[Function]}
    onMouseUp={[Function]}
    onTouchEnd={[Function]}
    onTouchStart={[Function]}
    role={undefined}
    tabIndex={null}
  >
    <span
      className="MuiIconButton-label-19"
    >
      <svg
        aria-hidden="true"
        className="MuiSvgIcon-root-24"
        focusable={false}
        viewBox="0 0 24 24"
      >
        <path
          d="M12 7c-2.76 0-5 2.24-5 5s2.24 5 5 5 5-2.24 5-5-2.24-5-5-5zm0-5C6.48 2 2 6.48 2 12s4.48 10 10 10 10-4.48 10-10S17.52 2 12 2zm0 18c-4.42 0-8-3.58-8-8s3.58-8 8-8 8 3.58 8 8-3.58 8-8 8z"
        />
      </svg>
      <input
        checked={true}
        className="MuiSwitchBase-input-9"
        disabled={false}
        name=""
        onChange={[Function]}
        tabIndex={undefined}
        type="radio"
        value=""
      />
    </span>
    <span
      className="MuiTouchRipple-root-25"
    />
  </span>
  <p
    className="MuiTypography-root-32 MuiTypography-body1-41 MuiFormControlLabel-label-4"
  >
    Yes or no
  </p>
</label>
`;
