// Jest Snapshot v1, https://goo.gl/fbAQLP

exports[`Snapshot 1`] = `
<label
  className="MuiFormControlLabel-root-1 MuiFormControlLabel-hasLabel-3"
>
  <div
    className="MuiSwitch-root-5"
  >
    <span
      className="MuiButtonBase-root-25 MuiIconButton-root-16 MuiSwitchBase-root-11 MuiSwitchBase-default-13 MuiSwitch-default-8 MuiSwitchBase-checked-14 MuiSwitch-checked-9"
      disabled={false}
      onBlur={[Function]}
      onFocus={[Function]}
      onKeyDown={[Function]}
      onKeyUp={[Function]}
      onMouseDown={[Function]}
      onMouseLeave={[Function]}
      onMouseUp={[Function]}
      onTouchEnd={[Function]}
      onTouchStart={[Function]}
      role={undefined}
      tabIndex={null}
    >
      <span
        className="MuiIconButton-label-22"
      >
        <div
          className="MuiSwitch-icon-7"
        />
        <input
          checked={true}
          className="MuiSwitchBase-input-12"
          disabled={false}
          name={undefined}
          onChange={[Function]}
          tabIndex={undefined}
          type="checkbox"
          value={undefined}
        />
      </span>
      <span
        className="MuiTouchRipple-root-27"
      />
    </span>
    <div
      className="MuiSwitch-bar-6"
    />
  </div>
  <p
    className="MuiTypography-root-34 MuiTypography-body1-43 MuiFormControlLabel-label-4"
  >
    Yes or no
  </p>
</label>
`;
