// Jest Snapshot v1, https://goo.gl/fbAQLP

exports[`Snapshot 1`] = `
<label
  className="FormControlLabel-root-1"
>
  <span>
    <div
      className="SwitchInput-root-4"
    >
      <div
        className="SwitchInput-bar-5 SwitchInput-barChecked-6"
      />
      <span
        className="MuiButtonBase-root-14 SwitchBase-switch-root-8 SwitchBase-switch-default-10 SwitchBase-switch-checked-11"
        disabled={false}
        onBlur={[Function]}
        onFocus={[Function]}
        onKeyDown={[Function]}
        onKeyUp={[Function]}
        onMouseDown={[Function]}
        onMouseLeave={[Function]}
        onMouseUp={[Function]}
        onTouchEnd={[Function]}
        onTouchStart={[Function]}
        role={undefined}
        tabIndex={null}
      >
        <input
          aria-labelledby={null}
          checked={true}
          className="SwitchBase-switch-input-9"
          disabled={false}
          name={null}
          onChange={[Function]}
          type="checkbox"
          value=""
        />
        <span
          className="MuiTouchRipple-root-16"
        />
      </span>
    </div>
  </span>
  <span
    className="FormControlLabel-label-3"
  >
    Yes or no
  </span>
</label>
`;
