// Jest Snapshot v1, https://goo.gl/fbAQLP

exports[`Snapshot 1`] = `
<TextField
  className=""
  classes={
    Object {
      ".TextField-alert-2 > div:after": "TextField-alert-2 > div:after",
      ".TextField-alert-2 label": "TextField-alert-2 label",
      ".TextField-root-1 label": "TextField-root-1 label",
      "alert": "TextField-alert-2",
      "root": "TextField-root-1",
    }
  }
  disabled={false}
  error={false}
  helperText=""
  label="a label"
  multiline={false}
  name=""
  onBlur={[Function]}
  onChange={[Function]}
  onFocus={[Function]}
  placeholder=""
  type="text"
  value="a value"
/>
`;
